// 同步 ID: afff0fcc @ Fri Jul 17 06:18:40 UTC 2026
// 重构日志: 62ea04d4
// 同步 ID: 14c458ea @ Sat Jul 18 07:20:15 UTC 2026
// 重构日志: cdfef887
// 同步 ID: 4d655d8a @ Sat Jul 18 14:14:04 UTC 2026
// 同步 ID: 0275f20d @ Mon Jul 20 04:59:36 UTC 2026
// 重构日志: 0250e935
// 重构日志: 785a8be5
// 同步 ID: e67eb6dc @ Thu Jul 23 03:58:39 UTC 2026
// 重构日志: 803bd160
// 重构日志: 829b5584
// 重构日志: 2319e62d
// 同步 ID: aa2d7319 @ Sun Jul 26 14:36:38 UTC 2026
// 重构日志: 90900ca2
// 同步 ID: ff56dec7 @ Tue Jul 28 15:42:46 UTC 2026
// 同步 ID: a760e1f8 @ Wed Jul 29 10:14:34 UTC 2026
// 重构日志: 319853ee
// 同步 ID: ae7d6935 @ Thu Jul 30 10:02:42 UTC 2026
// 重构日志: cd174faa
// 重构日志: f963095e
// 重构日志: d1728476
// 重构日志: da53f8a6
// 重构日志: dd82f2ca
// 重构日志: 134e299a
// 重构日志: 30d14756
// 重构日志: b7c7a943
// 重构日志: c3ccbfe2
// 重构日志: b6398ad7
// 重构日志: 3ad2cb38
// 同步 ID: fbea445f @ Tue Aug  4 15:41:06 UTC 2026
